stm32l4xx_it.c:67:6:Init_Mili_Sec_Timer	8	static
stm32l4xx_it.c:104:6:HAL_UART_RxCpltCallback	16	static
stm32l4xx_it.c:120:6:HAL_TIM_PeriodElapsedCallback	16	static
stm32l4xx_it.c:147:6:NMI_Handler	4	static
stm32l4xx_it.c:160:6:HardFault_Handler	4	static
stm32l4xx_it.c:173:6:MemManage_Handler	4	static
stm32l4xx_it.c:186:6:BusFault_Handler	4	static
stm32l4xx_it.c:199:6:UsageFault_Handler	4	static
stm32l4xx_it.c:212:6:SVC_Handler	4	static
stm32l4xx_it.c:224:6:DebugMon_Handler	4	static
stm32l4xx_it.c:236:6:PendSV_Handler	4	static
stm32l4xx_it.c:248:6:SysTick_Handler	8	static
stm32l4xx_it.c:268:6:TIM2_IRQHandler	8	static
stm32l4xx_it.c:281:6:SPI1_IRQHandler	8	static
stm32l4xx_it.c:294:6:USART2_IRQHandler	8	static
