stm32l4xx_it.c:68:6:Init_Mili_Sec_Timer	8	static
stm32l4xx_it.c:100:6:HAL_UART_RxCpltCallback	16	static
stm32l4xx_it.c:104:6:HAL_TIM_PeriodElapsedCallback	16	static
stm32l4xx_it.c:117:6:NMI_Handler	4	static
stm32l4xx_it.c:132:6:HardFault_Handler	4	static
stm32l4xx_it.c:147:6:MemManage_Handler	4	static
stm32l4xx_it.c:162:6:BusFault_Handler	4	static
stm32l4xx_it.c:177:6:UsageFault_Handler	4	static
stm32l4xx_it.c:192:6:SVC_Handler	4	static
stm32l4xx_it.c:205:6:DebugMon_Handler	4	static
stm32l4xx_it.c:218:6:PendSV_Handler	4	static
stm32l4xx_it.c:231:6:SysTick_Handler	8	static
stm32l4xx_it.c:252:6:TIM2_IRQHandler	8	static
stm32l4xx_it.c:266:6:SPI1_IRQHandler	8	static
stm32l4xx_it.c:280:6:USART2_IRQHandler	8	static
